1 105,105 0.0
1 105,105 0.0
105,150 Oil
1 105,125 0.0